Archive member included to satisfy reference by file (symbol)

c:/ti/ccs1011/ccs/tools/compiler/gcc-arm-none-eabi-7-2017-q4-major-win32/bin/../lib/gcc/arm-none-eabi/7.2.1/../../../../arm-none-eabi/lib/thumb/v7e-m\libc.a(lib_a-exit.o)
                              c:/ti/ccs1011/ccs/tools/compiler/gcc-arm-none-eabi-7-2017-q4-major-win32/bin/../lib/gcc/arm-none-eabi/7.2.1/../../../../arm-none-eabi/lib/thumb/v7e-m/crt0.o (exit)
c:/ti/ccs1011/ccs/tools/compiler/gcc-arm-none-eabi-7-2017-q4-major-win32/bin/../lib/gcc/arm-none-eabi/7.2.1/../../../../arm-none-eabi/lib/thumb/v7e-m\libc.a(lib_a-impure.o)
                              c:/ti/ccs1011/ccs/tools/compiler/gcc-arm-none-eabi-7-2017-q4-major-win32/bin/../lib/gcc/arm-none-eabi/7.2.1/../../../../arm-none-eabi/lib/thumb/v7e-m\libc.a(lib_a-exit.o) (_global_impure_ptr)
c:/ti/ccs1011/ccs/tools/compiler/gcc-arm-none-eabi-7-2017-q4-major-win32/bin/../lib/gcc/arm-none-eabi/7.2.1/../../../../arm-none-eabi/lib/thumb/v7e-m\libc.a(lib_a-init.o)
                              c:/ti/ccs1011/ccs/tools/compiler/gcc-arm-none-eabi-7-2017-q4-major-win32/bin/../lib/gcc/arm-none-eabi/7.2.1/../../../../arm-none-eabi/lib/thumb/v7e-m/crt0.o (__libc_init_array)
c:/ti/ccs1011/ccs/tools/compiler/gcc-arm-none-eabi-7-2017-q4-major-win32/bin/../lib/gcc/arm-none-eabi/7.2.1/../../../../arm-none-eabi/lib/thumb/v7e-m\libc.a(lib_a-memset.o)
                              c:/ti/ccs1011/ccs/tools/compiler/gcc-arm-none-eabi-7-2017-q4-major-win32/bin/../lib/gcc/arm-none-eabi/7.2.1/../../../../arm-none-eabi/lib/thumb/v7e-m/crt0.o (memset)
c:/ti/ccs1011/ccs/tools/compiler/gcc-arm-none-eabi-7-2017-q4-major-win32/bin/../lib/gcc/arm-none-eabi/7.2.1/../../../../arm-none-eabi/lib/thumb/v7e-m\libc.a(lib_a-sprintf.o)
                              ./main.o (sprintf)
c:/ti/ccs1011/ccs/tools/compiler/gcc-arm-none-eabi-7-2017-q4-major-win32/bin/../lib/gcc/arm-none-eabi/7.2.1/../../../../arm-none-eabi/lib/thumb/v7e-m\libc.a(lib_a-svfprintf.o)
                              c:/ti/ccs1011/ccs/tools/compiler/gcc-arm-none-eabi-7-2017-q4-major-win32/bin/../lib/gcc/arm-none-eabi/7.2.1/../../../../arm-none-eabi/lib/thumb/v7e-m\libc.a(lib_a-sprintf.o) (_svfprintf_r)
c:/ti/ccs1011/ccs/tools/compiler/gcc-arm-none-eabi-7-2017-q4-major-win32/bin/../lib/gcc/arm-none-eabi/7.2.1/../../../../arm-none-eabi/lib/thumb/v7e-m\libc.a(lib_a-__call_atexit.o)
                              c:/ti/ccs1011/ccs/tools/compiler/gcc-arm-none-eabi-7-2017-q4-major-win32/bin/../lib/gcc/arm-none-eabi/7.2.1/../../../../arm-none-eabi/lib/thumb/v7e-m\libc.a(lib_a-exit.o) (__call_exitprocs)
c:/ti/ccs1011/ccs/tools/compiler/gcc-arm-none-eabi-7-2017-q4-major-win32/bin/../lib/gcc/arm-none-eabi/7.2.1/../../../../arm-none-eabi/lib/thumb/v7e-m\libc.a(lib_a-atexit.o)
                              c:/ti/ccs1011/ccs/tools/compiler/gcc-arm-none-eabi-7-2017-q4-major-win32/bin/../lib/gcc/arm-none-eabi/7.2.1/../../../../arm-none-eabi/lib/thumb/v7e-m\libc.a(lib_a-__call_atexit.o) (atexit)
c:/ti/ccs1011/ccs/tools/compiler/gcc-arm-none-eabi-7-2017-q4-major-win32/bin/../lib/gcc/arm-none-eabi/7.2.1/../../../../arm-none-eabi/lib/thumb/v7e-m\libc.a(lib_a-dtoa.o)
                              c:/ti/ccs1011/ccs/tools/compiler/gcc-arm-none-eabi-7-2017-q4-major-win32/bin/../lib/gcc/arm-none-eabi/7.2.1/../../../../arm-none-eabi/lib/thumb/v7e-m\libc.a(lib_a-svfprintf.o) (_dtoa_r)
c:/ti/ccs1011/ccs/tools/compiler/gcc-arm-none-eabi-7-2017-q4-major-win32/bin/../lib/gcc/arm-none-eabi/7.2.1/../../../../arm-none-eabi/lib/thumb/v7e-m\libc.a(lib_a-fini.o)
                              c:/ti/ccs1011/ccs/tools/compiler/gcc-arm-none-eabi-7-2017-q4-major-win32/bin/../lib/gcc/arm-none-eabi/7.2.1/../../../../arm-none-eabi/lib/thumb/v7e-m\libc.a(lib_a-__call_atexit.o) (__libc_fini_array)
c:/ti/ccs1011/ccs/tools/compiler/gcc-arm-none-eabi-7-2017-q4-major-win32/bin/../lib/gcc/arm-none-eabi/7.2.1/../../../../arm-none-eabi/lib/thumb/v7e-m\libc.a(lib_a-localeconv.o)
                              c:/ti/ccs1011/ccs/tools/compiler/gcc-arm-none-eabi-7-2017-q4-major-win32/bin/../lib/gcc/arm-none-eabi/7.2.1/../../../../arm-none-eabi/lib/thumb/v7e-m\libc.a(lib_a-svfprintf.o) (_localeconv_r)
c:/ti/ccs1011/ccs/tools/compiler/gcc-arm-none-eabi-7-2017-q4-major-win32/bin/../lib/gcc/arm-none-eabi/7.2.1/../../../../arm-none-eabi/lib/thumb/v7e-m\libc.a(lib_a-lock.o)
                              c:/ti/ccs1011/ccs/tools/compiler/gcc-arm-none-eabi-7-2017-q4-major-win32/bin/../lib/gcc/arm-none-eabi/7.2.1/../../../../arm-none-eabi/lib/thumb/v7e-m\libc.a(lib_a-__call_atexit.o) (__retarget_lock_acquire_recursive)
c:/ti/ccs1011/ccs/tools/compiler/gcc-arm-none-eabi-7-2017-q4-major-win32/bin/../lib/gcc/arm-none-eabi/7.2.1/../../../../arm-none-eabi/lib/thumb/v7e-m\libc.a(lib_a-mallocr.o)
                              c:/ti/ccs1011/ccs/tools/compiler/gcc-arm-none-eabi-7-2017-q4-major-win32/bin/../lib/gcc/arm-none-eabi/7.2.1/../../../../arm-none-eabi/lib/thumb/v7e-m\libc.a(lib_a-svfprintf.o) (_malloc_r)
[...]
Memory Configuration

Name             Origin             Length             Attributes
FLASH            0x00000000         0x00040000         xr
SRAM             0x20000000         0x00008000         xw
*default*        0x00000000         0xffffffff

Linker script and memory map

LOAD c:/ti/ccs1011/ccs/tools/compiler/gcc-arm-none-eabi-7-2017-q4-major-win32/bin/../lib/gcc/arm-none-eabi/7.2.1/thumb/v7e-m/crti.o
LOAD c:/ti/ccs1011/ccs/tools/compiler/gcc-arm-none-eabi-7-2017-q4-major-win32/bin/../lib/gcc/arm-none-eabi/7.2.1/thumb/v7e-m/crtbegin.o
LOAD c:/ti/ccs1011/ccs/tools/compiler/gcc-arm-none-eabi-7-2017-q4-major-win32/bin/../lib/gcc/arm-none-eabi/7.2.1/../../../../arm-none-eabi/lib/thumb/v7e-m/crt0.o
LOAD ./Keypad.o
LOAD ./LCD.o
LOAD ./PLL.o
LOAD ./main.o
LOAD ./tm4c123gh6pm_startup_ccs_gcc.o
                0x00000000                PROVIDE (_intvecs_base_address, 0x0)

.intvecs        0x00000000      0x26c
 *(.intvecs)
 .intvecs       0x00000000      0x26c ./tm4c123gh6pm_startup_ccs_gcc.o
                0x00000000                g_pfnVectors
                0x20000000                PROVIDE (_vtable_base_address, 0x20000000)

.vtable
 *(.vtable)

.text           0x00000280     0x5244
 CREATE_OBJECT_SYMBOLS
 *(.text)
 .text          0x00000280       0x40 c:/ti/ccs1011/ccs/tools/compiler/gcc-arm-none-eabi-7-2017-q4-major-win32/bin/../lib/gcc/arm-none-eabi/7.2.1/thumb/v7e-m/crtbegin.o
 .text          0x000002c0       0xa0 c:/ti/ccs1011/ccs/tools/compiler/gcc-arm-none-eabi-7-2017-q4-major-win32/bin/../lib/gcc/arm-none-eabi/7.2.1/../../../../arm-none-eabi/lib/thumb/v7e-m\libc.a(lib_a-memchr.o)
                0x000002c0                memchr
 .text          0x00000360      0x134 c:/ti/ccs1011/ccs/tools/compiler/gcc-arm-none-eabi-7-2017-q4-major-win32/bin/../lib/gcc/arm-none-eabi/7.2.1/../../../../arm-none-eabi/lib/thumb/v7e-m\libc.a(lib_a-memcpy.o)
                0x00000360                memcpy
 *fill*         0x00000494       0x2c 
 .text          0x000004c0       0xdc c:/ti/ccs1011/ccs/tools/compiler/gcc-arm-none-eabi-7-2017-q4-major-win32/bin/../lib/gcc/arm-none-eabi/7.2.1/../../../../arm-none-eabi/lib/thumb/v7e-m\libc.a(lib_a-strlen.o)
                0x000004c0                strlen
 .text          0x0000059c      0x378 c:/ti/ccs1011/ccs/tools/compiler/gcc-arm-none-eabi-7-2017-q4-major-win32/bin/../lib/gcc/arm-none-eabi/7.2.1/thumb/v7e-m\libgcc.a(_arm_addsubdf3.o)
                0x0000059c                __aeabi_drsub
                0x000005a4                __aeabi_dsub
                0x000005a4                __subdf3
                0x000005a8                __aeabi_dadd
                0x000005a8                __adddf3
                0x00000820                __floatunsidf
                0x00000820                __aeabi_ui2d
                0x00000840                __floatsidf
                0x00000840                __aeabi_i2d
                0x00000864                __aeabi_f2d
                0x00000864                __extendsfdf2
                0x000008a8                __floatundidf
                0x000008a8                __aeabi_ul2d
                0x000008b8                __floatdidf
                0x000008b8                __aeabi_l2d
 .text          0x00000914      0x424 c:/ti/ccs1011/ccs/tools/compiler/gcc-arm-none-eabi-7-2017-q4-major-win32/bin/../lib/gcc/arm-none-eabi/7.2.1/thumb/v7e-m\libgcc.a(_arm_muldivdf3.o)
                0x00000914                __aeabi_dmul
                0x00000914                __muldf3
                0x00000b68                __divdf3
                0x00000b68                __aeabi_ddiv
 .text          0x00000d38      0x110 c:/ti/ccs1011/ccs/tools/compiler/gcc-arm-none-eabi-7-2017-q4-major-win32/bin/../lib/gcc/arm-none-eabi/7.2.1/thumb/v7e-m\libgcc.a(_arm_cmpdf2.o)
                0x00000d38                __gtdf2
                0x00000d38                __gedf2
                0x00000d40                __ltdf2
                0x00000d40                __ledf2
                0x00000d48                __nedf2
                0x00000d48                __eqdf2
                0x00000d48                __cmpdf2
                0x00000dc4                __aeabi_cdrcmple
                0x00000dd4                __aeabi_cdcmpeq
                0x00000dd4                __aeabi_cdcmple
                0x00000de4                __aeabi_dcmpeq
                0x00000df8                __aeabi_dcmplt
                0x00000e0c                __aeabi_dcmple
                0x00000e20                __aeabi_dcmpge
                0x00000e34                __aeabi_dcmpgt
 .text          0x00000e48       0x2c c:/ti/ccs1011/ccs/tools/compiler/gcc-arm-none-eabi-7-2017-q4-major-win32/bin/../lib/gcc/arm-none-eabi/7.2.1/thumb/v7e-m\libgcc.a(_arm_unorddf2.o)
                0x00000e48                __unorddf2
                0x00000e48                __aeabi_dcmpun
 .text          0x00000e74       0x50 c:/ti/ccs1011/ccs/tools/compiler/gcc-arm-none-eabi-7-2017-q4-major-win32/bin/../lib/gcc/arm-none-eabi/7.2.1/thumb/v7e-m\libgcc.a(_arm_fixdfsi.o)
                0x00000e74                __aeabi_d2iz
                0x00000e74                __fixdfsi
 .text          0x00000ec4       0x30 c:/ti/ccs1011/ccs/tools/compiler/gcc-arm-none-eabi-7-2017-q4-major-win32/bin/../lib/gcc/arm-none-eabi/7.2.1/thumb/v7e-m\libgcc.a(_aeabi_uldivmod.o)
                0x00000ec4                __aeabi_uldivmod
 .text          0x00000ef4      0x2cc c:/ti/ccs1011/ccs/tools/compiler/gcc-arm-none-eabi-7-2017-q4-major-win32/bin/../lib/gcc/arm-none-eabi/7.2.1/thumb/v7e-m\libgcc.a(_udivmoddi4.o)
                0x00000ef4                __udivmoddi4
 .text          0x000011c0        0x4 c:/ti/ccs1011/ccs/tools/compiler/gcc-arm-none-eabi-7-2017-q4-major-win32/bin/../lib/gcc/arm-none-eabi/7.2.1/thumb/v7e-m\libgcc.a(_dvmd_tls.o)
                0x000011c0                __aeabi_idiv0
                0x000011c0                __aeabi_ldiv0
 *(.text.*)
 .text.PortED_Init
                0x000011c4       0x9c ./Keypad.o
                0x000011c4                PortED_Init
 .text.column1  0x00001260       0x20 ./Keypad.o
                0x00001260                column1
 .text.column2  0x00001280       0x1c ./Keypad.o
                0x00001280                column2
 .text.column3  0x0000129c       0x1c ./Keypad.o
                0x0000129c                column3
 .text.column4  0x000012b8       0x20 ./Keypad.o
                0x000012b8                column4
 .text.KeyPad_Entry
                0x000012d8      0x120 ./Keypad.o
                0x000012d8                KeyPad_Entry
 .text.PortAB_Init
                0x000013f8       0xa4 ./LCD.o
                0x000013f8                PortAB_Init
 .text.Pulse_EN
                0x0000149c       0x20 ./LCD.o
                0x0000149c                Pulse_EN
 .text.Lcd_Half_Byte
                0x000014bc       0x24 ./LCD.o
                0x000014bc                Lcd_Half_Byte
 .text.Lcd_Command
                0x000014e0       0x30 ./LCD.o
                0x000014e0                Lcd_Command
 .text.Lcd_Data
                0x00001510       0x30 ./LCD.o
                0x00001510                Lcd_Data
 .text.Lcd_Init
                0x00001540       0x40 ./LCD.o
                0x00001540                Lcd_Init
 .text.Lcd_Clear
                0x00001580       0x10 ./LCD.o
                0x00001580                Lcd_Clear
 .text.LCD_Str  0x00001590       0x16 ./LCD.o
                0x00001590                LCD_Str
 *fill*         0x000015a6        0x2 
 .text.SysTick_Init
                0x000015a8       0x20 ./PLL.o
                0x000015a8                SysTick_Init
 .text.PLL_Init
                0x000015c8       0x68 ./PLL.o
                0x000015c8                PLL_Init
 .text.SysTick_Wait
                0x00001630       0x20 ./PLL.o
                0x00001630                SysTick_Wait
 .text.Function
                0x00001650       0x38 ./main.o
                0x00001650                Function
 .text.Function1
                0x00001688       0x38 ./main.o
                0x00001688                Function1
 .text.PrintFinal
                0x000016c0       0x34 ./main.o
                0x000016c0                PrintFinal
 .text.CharConv
                0x000016f4       0x4c ./main.o
                0x000016f4                CharConv
 .text.KeyOne   0x00001740       0x3c ./main.o
                0x00001740                KeyOne
 .text.KeyTwo   0x0000177c       0x3c ./main.o
                0x0000177c                KeyTwo
 .text.KeyThree
                0x000017b8       0x3c ./main.o
                0x000017b8                KeyThree
 .text.Equals   0x000017f4      0x16c ./main.o
                0x000017f4                Equals
 .text.Animation
                0x00001960       0x90 ./main.o
                0x00001960                Animation
 .text.main     0x000019f0       0xb4 ./main.o
                0x000019f0                main
 .text.NmiSR    0x00001aa4        0x2 ./tm4c123gh6pm_startup_ccs_gcc.o
 .text.FaultISR
                0x00001aa6        0x2 ./tm4c123gh6pm_startup_ccs_gcc.o
 .text.IntDefaultHandler
                0x00001aa8        0x2 ./tm4c123gh6pm_startup_ccs_gcc.o
 *fill*         0x00001aaa        0x2 
 .text.ResetISR
                0x00001aac       0x50 ./tm4c123gh6pm_startup_ccs_gcc.o
                0x00001aac                ResetISR
 .text.memset   0x00001afc       0x94 c:/ti/ccs1011/ccs/tools/compiler/gcc-arm-none-eabi-7-2017-q4-major-win32/bin/../lib/gcc/arm-none-eabi/7.2.1/../../../../arm-none-eabi/lib/thumb/v7e-m\libc.a(lib_a-memset.o)
                0x00001afc                memset
 .text.sprintf  0x00001b90       0x44 c:/ti/ccs1011/ccs/tools/compiler/gcc-arm-none-eabi-7-2017-q4-major-win32/bin/../lib/gcc/arm-none-eabi/7.2.1/../../../../arm-none-eabi/lib/thumb/v7e-m\libc.a(lib_a-sprintf.o)
                0x00001b90                sprintf
 .text._svfprintf_r
                0x00001bd4     0x14a0 c:/ti/ccs1011/ccs/tools/compiler/gcc-arm-none-eabi-7-2017-q4-major-win32/bin/../lib/gcc/arm-none-eabi/7.2.1/../../../../arm-none-eabi/lib/thumb/v7e-m\libc.a(lib_a-svfprintf.o)
                0x00001bd4                _svfprintf_r
 .text.startup.register_fini
                0x00003074       0x14 c:/ti/ccs1011/ccs/tools/compiler/gcc-arm-none-eabi-7-2017-q4-major-win32/bin/../lib/gcc/arm-none-eabi/7.2.1/../../../../arm-none-eabi/lib/thumb/v7e-m\libc.a(lib_a-__call_atexit.o)
 .text.atexit   0x00003088        0xc c:/ti/ccs1011/ccs/tools/compiler/gcc-arm-none-eabi-7-2017-q4-major-win32/bin/../lib/gcc/arm-none-eabi/7.2.1/../../../../arm-none-eabi/lib/thumb/v7e-m\libc.a(lib_a-atexit.o)
                0x00003088                atexit
 .text.quorem   0x00003094      0x124 c:/ti/ccs1011/ccs/tools/compiler/gcc-arm-none-eabi-7-2017-q4-major-win32/bin/../lib/gcc/arm-none-eabi/7.2.1/../../../../arm-none-eabi/lib/thumb/v7e-m\libc.a(lib_a-dtoa.o)
 .text._dtoa_r  0x000031b8      0xdf4 c:/ti/ccs1011/ccs/tools/compiler/gcc-arm-none-eabi-7-2017-q4-major-win32/bin/../lib/gcc/arm-none-eabi/7.2.1/../../../../arm-none-eabi/lib/thumb/v7e-m\libc.a(lib_a-dtoa.o)
                0x000031b8                _dtoa_r
 .text.__libc_fini_array
                0x00003fac       0x34 c:/ti/ccs1011/ccs/tools/compiler/gcc-arm-none-eabi-7-2017-q4-major-win32/bin/../lib/gcc/arm-none-eabi/7.2.1/../../../../arm-none-eabi/lib/thumb/v7e-m\libc.a(lib_a-fini.o)
                0x00003fac                __libc_fini_array
 .text._localeconv_r
                0x00003fe0       0x1c c:/ti/ccs1011/ccs/tools/compiler/gcc-arm-none-eabi-7-2017-q4-major-win32/bin/../lib/gcc/arm-none-eabi/7.2.1/../../../../arm-none-eabi/lib/thumb/v7e-m\libc.a(lib_a-localeconv.o)
                0x00003fe0                _localeconv_r
 .text.__retarget_lock_acquire_recursive
                0x00003ffc        0x4 c:/ti/ccs1011/ccs/tools/compiler/gcc-arm-none-eabi-7-2017-q4-major-win32/bin/../lib/gcc/arm-none-eabi/7.2.1/../../../../arm-none-eabi/lib/thumb/v7e-m\libc.a(lib_a-lock.o)
                0x00003ffc                __retarget_lock_acquire_recursive
 .text.__retarget_lock_release_recursive
                0x00004000        0x4 c:/ti/ccs1011/ccs/tools/compiler/gcc-arm-none-eabi-7-2017-q4-major-win32/bin/../lib/gcc/arm-none-eabi/7.2.1/../../../../arm-none-eabi/lib/thumb/v7e-m\libc.a(lib_a-lock.o)
                0x00004000                __retarget_lock_release_recursive
 .text._malloc_r
                0x00004004      0x548 c:/ti/ccs1011/ccs/tools/compiler/gcc-arm-none-eabi-7-2017-q4-major-win32/bin/../lib/gcc/arm-none-eabi/7.2.1/../../../../arm-none-eabi/lib/thumb/v7e-m\libc.a(lib_a-mallocr.o)
                0x00004004                _malloc_r
 .text.__malloc_lock
                0x0000454c        0xc c:/ti/ccs1011/ccs/tools/compiler/gcc-arm-none-eabi-7-2017-q4-major-win32/bin/../lib/gcc/arm-none-eabi/7.2.1/../../../../arm-none-eabi/lib/thumb/v7e-m\libc.a(lib_a-mlock.o)
                0x0000454c                __malloc_lock
 .text.__malloc_unlock
                0x00004558        0xc c:/ti/ccs1011/ccs/tools/compiler/gcc-arm-none-eabi-7-2017-q4-major-win32/bin/../lib/gcc/arm-none-eabi/7.2.1/../../../../arm-none-eabi/lib/thumb/v7e-m\libc.a(lib_a-mlock.o)
                0x00004558                __malloc_unlock
 .text._Balloc  0x00004564       0x4c c:/ti/ccs1011/ccs/tools/compiler/gcc-arm-none-eabi-7-2017-q4-major-win32/bin/../lib/gcc/arm-none-eabi/7.2.1/../../../../arm-none-eabi/lib/thumb/v7e-m\libc.a(lib_a-mprec.o)
                0x00004564                _Balloc
 .text._Bfree   0x000045b0       0x14 c:/ti/ccs1011/ccs/tools/compiler/gcc-arm-none-eabi-7-2017-q4-major-win32/bin/../lib/gcc/arm-none-eabi/7.2.1/../../../../arm-none-eabi/lib/thumb/v7e-m\libc.a(lib_a-mprec.o)
                0x000045b0                _Bfree
 .text.__multadd
                0x000045c4       0x80 c:/ti/ccs1011/ccs/tools/compiler/gcc-arm-none-eabi-7-2017-q4-major-win32/bin/../lib/gcc/arm-none-eabi/7.2.1/../../../../arm-none-eabi/lib/thumb/v7e-m\libc.a(lib_a-mprec.o)
                0x000045c4                __multadd
 .text.__hi0bits
                0x00004644       0x40 c:/ti/ccs1011/ccs/tools/compiler/gcc-arm-none-eabi-7-2017-q4-major-win32/bin/../lib/gcc/arm-none-eabi/7.2.1/../../../../arm-none-eabi/lib/thumb/v7e-m\libc.a(lib_a-mprec.o)
                0x00004644                __hi0bits
 .text.__lo0bits
                0x00004684       0x60 c:/ti/ccs1011/ccs/tools/compiler/gcc-arm-none-eabi-7-2017-q4-major-win32/bin/../lib/gcc/arm-none-eabi/7.2.1/../../../../arm-none-eabi/lib/thumb/v7e-m\libc.a(lib_a-mprec.o)
                0x00004684                __lo0bits
 .text.__i2b    0x000046e4       0x14 c:/ti/ccs1011/ccs/tools/compiler/gcc-arm-none-eabi-7-2017-q4-major-win32/bin/../lib/gcc/arm-none-eabi/7.2.1/../../../../arm-none-eabi/lib/thumb/v7e-m\libc.a(lib_a-mprec.o)
                0x000046e4                __i2b
 .text.__multiply
                0x000046f8      0x14c c:/ti/ccs1011/ccs/tools/compiler/gcc-arm-none-eabi-7-2017-q4-major-win32/bin/../lib/gcc/arm-none-eabi/7.2.1/../../../../arm-none-eabi/lib/thumb/v7e-m\libc.a(lib_a-mprec.o)
                0x000046f8                __multiply
 .text.__pow5mult
                0x00004844       0xa0 c:/ti/ccs1011/ccs/tools/compiler/gcc-arm-none-eabi-7-2017-q4-major-win32/bin/../lib/gcc/arm-none-eabi/7.2.1/../../../../arm-none-eabi/lib/thumb/v7e-m\libc.a(lib_a-mprec.o)
                0x00004844                __pow5mult
 .text.__lshift
                0x000048e4       0xac c:/ti/ccs1011/ccs/tools/compiler/gcc-arm-none-eabi-7-2017-q4-major-win32/bin/../lib/gcc/arm-none-eabi/7.2.1/../../../../arm-none-eabi/lib/thumb/v7e-m\libc.a(lib_a-mprec.o)
                0x000048e4                __lshift
 .text.__mcmp   0x00004990       0x38 c:/ti/ccs1011/ccs/tools/compiler/gcc-arm-none-eabi-7-2017-q4-major-win32/bin/../lib/gcc/arm-none-eabi/7.2.1/../../../../arm-none-eabi/lib/thumb/v7e-m\libc.a(lib_a-mprec.o)
                0x00004990                __mcmp
 .text.__mdiff  0x000049c8       0xec c:/ti/ccs1011/ccs/tools/compiler/gcc-arm-none-eabi-7-2017-q4-major-win32/bin/../lib/gcc/arm-none-eabi/7.2.1/../../../../arm-none-eabi/lib/thumb/v7e-m\libc.a(lib_a-mprec.o)
                0x000049c8                __mdiff
 .text.__d2b    0x00004ab4       0xb0 c:/ti/ccs1011/ccs/tools/compiler/gcc-arm-none-eabi-7-2017-q4-major-win32/bin/../lib/gcc/arm-none-eabi/7.2.1/../../../../arm-none-eabi/lib/thumb/v7e-m\libc.a(lib_a-mprec.o)
                0x00004ab4                __d2b
 .text._sbrk_r  0x00004b64       0x24 c:/ti/ccs1011/ccs/tools/compiler/gcc-arm-none-eabi-7-2017-q4-major-win32/bin/../lib/gcc/arm-none-eabi/7.2.1/../../../../arm-none-eabi/lib/thumb/v7e-m\libc.a(lib_a-sbrkr.o)
                0x00004b64                _sbrk_r
 .text.__ssprint_r
                0x00004b88       0xf4 c:/ti/ccs1011/ccs/tools/compiler/gcc-arm-none-eabi-7-2017-q4-major-win32/bin/../lib/gcc/arm-none-eabi/7.2.1/../../../../arm-none-eabi/lib/thumb/v7e-m\libc.a(lib_a-svfiprintf.o)
                0x00004b88                __ssprint_r
 .text.__register_exitproc
                0x00004c7c       0xc0 c:/ti/ccs1011/ccs/tools/compiler/gcc-arm-none-eabi-7-2017-q4-major-win32/bin/../lib/gcc/arm-none-eabi/7.2.1/../../../../arm-none-eabi/lib/thumb/v7e-m\libc.a(lib_a-__atexit.o)
                0x00004c7c                __register_exitproc
 .text._calloc_r
                0x00004d3c       0x68 c:/ti/ccs1011/ccs/tools/compiler/gcc-arm-none-eabi-7-2017-q4-major-win32/bin/../lib/gcc/arm-none-eabi/7.2.1/../../../../arm-none-eabi/lib/thumb/v7e-m\libc.a(lib_a-callocr.o)
                0x00004d3c                _calloc_r
 .text._malloc_trim_r
                0x00004da4       0xa0 c:/ti/ccs1011/ccs/tools/compiler/gcc-arm-none-eabi-7-2017-q4-major-win32/bin/../lib/gcc/arm-none-eabi/7.2.1/../../../../arm-none-eabi/lib/thumb/v7e-m\libc.a(lib_a-freer.o)
                0x00004da4                _malloc_trim_r
 .text._free_r  0x00004e44      0x1e8 c:/ti/ccs1011/ccs/tools/compiler/gcc-arm-none-eabi-7-2017-q4-major-win32/bin/../lib/gcc/arm-none-eabi/7.2.1/../../../../arm-none-eabi/lib/thumb/v7e-m\libc.a(lib_a-freer.o)
                0x00004e44                _free_r
 .text.__ascii_mbtowc
                0x0000502c       0x2c c:/ti/ccs1011/ccs/tools/compiler/gcc-arm-none-eabi-7-2017-q4-major-win32/bin/../lib/gcc/arm-none-eabi/7.2.1/../../../../arm-none-eabi/lib/thumb/v7e-m\libc.a(lib_a-mbtowc_r.o)
                0x0000502c                __ascii_mbtowc
 .text.memmove  0x00005058       0xc8 c:/ti/ccs1011/ccs/tools/compiler/gcc-arm-none-eabi-7-2017-q4-major-win32/bin/../lib/gcc/arm-none-eabi/7.2.1/../../../../arm-none-eabi/lib/thumb/v7e-m\libc.a(lib_a-memmove.o)
                0x00005058                memmove
 .text._realloc_r
                0x00005120      0x35c c:/ti/ccs1011/ccs/tools/compiler/gcc-arm-none-eabi-7-2017-q4-major-win32/bin/../lib/gcc/arm-none-eabi/7.2.1/../../../../arm-none-eabi/lib/thumb/v7e-m\libc.a(lib_a-reallocr.o)
                0x00005120                _realloc_r
 .text.__ascii_wctomb
                0x0000547c       0x1c c:/ti/ccs1011/ccs/tools/compiler/gcc-arm-none-eabi-7-2017-q4-major-win32/bin/../lib/gcc/arm-none-eabi/7.2.1/../../../../arm-none-eabi/lib/thumb/v7e-m\libc.a(lib_a-wctomb_r.o)
                0x0000547c                __ascii_wctomb
 .text._sbrk    0x00005498       0x1c c:/ti/ccs1011/ccs/tools/compiler/gcc-arm-none-eabi-7-2017-q4-major-win32/bin/../lib/gcc/arm-none-eabi/7.2.1/../../../../arm-none-eabi/lib/thumb/v7e-m\libnosys.a(sbrk.o)
                0x00005498                _sbrk
                0x000054b4                . = ALIGN (0x4)
 *(.ctors)
                0x000054b4                . = ALIGN (0x4)
 *(.dtors)
                0x000054b4                . = ALIGN (0x4)
                0x000054b4                __init_array_start = .
 *(.init_array*)
 .init_array    0x000054b4        0x4 c:/ti/ccs1011/ccs/tools/compiler/gcc-arm-none-eabi-7-2017-q4-major-win32/bin/../lib/gcc/arm-none-eabi/7.2.1/thumb/v7e-m/crtbegin.o
 .init_array.00000
                0x000054b8        0x4 c:/ti/ccs1011/ccs/tools/compiler/gcc-arm-none-eabi-7-2017-q4-major-win32/bin/../lib/gcc/arm-none-eabi/7.2.1/../../../../arm-none-eabi/lib/thumb/v7e-m\libc.a(lib_a-__call_atexit.o)
                0x000054bc                __init_array_end = .
 *(.init)
 .init          0x000054bc        0x4 c:/ti/ccs1011/ccs/tools/compiler/gcc-arm-none-eabi-7-2017-q4-major-win32/bin/../lib/gcc/arm-none-eabi/7.2.1/thumb/v7e-m/crti.o
                0x000054bc                _init
 *(.fini*)
 .fini          0x000054c0        0x4 c:/ti/ccs1011/ccs/tools/compiler/gcc-arm-none-eabi-7-2017-q4-major-win32/bin/../lib/gcc/arm-none-eabi/7.2.1/thumb/v7e-m/crti.o
                0x000054c0                _fini
                [!provide]                PROVIDE (__etext, .)
                [!provide]                PROVIDE (_etext, .)
                [!provide]                PROVIDE (etext, .)

.glue_7         0x000054c4        0x0
 .glue_7        0x000054c4        0x0 linker stubs

.glue_7t        0x000054c4        0x0
 .glue_7t       0x000054c4        0x0 linker stubs

.vfp11_veneer   0x000054c4        0x0
 .vfp11_veneer  0x000054c4        0x0 linker stubs

.v4_bx          0x000054c4        0x0
 .v4_bx         0x000054c4        0x0 linker stubs

.iplt           0x000054c4        0x0
 .iplt          0x000054c4        0x0 c:/ti/ccs1011/ccs/tools/compiler/gcc-arm-none-eabi-7-2017-q4-major-win32/bin/../lib/gcc/arm-none-eabi/7.2.1/thumb/v7e-m/crtbegin.o

.rodata         0x000054c8      0x295
 *(.rodata)
 *(.rodata*)
 .rodata.Animation.str1.4
                0x000054c8        0x8 ./main.o
 .rodata.PrintFinal.str1.4
                0x000054d0        0x3 ./main.o
 *fill*         0x000054d3        0x1 
 .rodata._global_impure_ptr
                0x000054d4        0x4 c:/ti/ccs1011/ccs/tools/compiler/gcc-arm-none-eabi-7-2017-q4-major-win32/bin/../lib/gcc/arm-none-eabi/7.2.1/../../../../arm-none-eabi/lib/thumb/v7e-m\libc.a(lib_a-impure.o)
                0x000054d4                _global_impure_ptr
 .rodata._svfprintf_r.str1.4
                0x000054d8       0x42 c:/ti/ccs1011/ccs/tools/compiler/gcc-arm-none-eabi-7-2017-q4-major-win32/bin/../lib/gcc/arm-none-eabi/7.2.1/../../../../arm-none-eabi/lib/thumb/v7e-m\libc.a(lib_a-svfprintf.o)
 *fill*         0x0000551a        0x2 
 .rodata.blanks.7276
                0x0000551c       0x10 c:/ti/ccs1011/ccs/tools/compiler/gcc-arm-none-eabi-7-2017-q4-major-win32/bin/../lib/gcc/arm-none-eabi/7.2.1/../../../../arm-none-eabi/lib/thumb/v7e-m\libc.a(lib_a-svfprintf.o)
 .rodata.zeroes.7277
                0x0000552c       0x10 c:/ti/ccs1011/ccs/tools/compiler/gcc-arm-none-eabi-7-2017-q4-major-win32/bin/../lib/gcc/arm-none-eabi/7.2.1/../../../../arm-none-eabi/lib/thumb/v7e-m\libc.a(lib_a-svfprintf.o)
 .rodata._dtoa_r.str1.4
                0x0000553c       0x10 c:/ti/ccs1011/ccs/tools/compiler/gcc-arm-none-eabi-7-2017-q4-major-win32/bin/../lib/gcc/arm-none-eabi/7.2.1/../../../../arm-none-eabi/lib/thumb/v7e-m\libc.a(lib_a-dtoa.o)
                                 0x12 (size before relaxing)
 *fill*         0x0000554c        0x4 
 .rodata.__mprec_bigtens
                0x00005550       0x28 c:/ti/ccs1011/ccs/tools/compiler/gcc-arm-none-eabi-7-2017-q4-major-win32/bin/../lib/gcc/arm-none-eabi/7.2.1/../../../../arm-none-eabi/lib/thumb/v7e-m\libc.a(lib_a-mprec.o)
                0x00005550                __mprec_bigtens
 .rodata.__mprec_tens
                0x00005578       0xc8 c:/ti/ccs1011/ccs/tools/compiler/gcc-arm-none-eabi-7-2017-q4-major-win32/bin/../lib/gcc/arm-none-eabi/7.2.1/../../../../arm-none-eabi/lib/thumb/v7e-m\libc.a(lib_a-mprec.o)
                0x00005578                __mprec_tens
 .rodata.p05.6092
                0x00005640        0xc c:/ti/ccs1011/ccs/tools/compiler/gcc-arm-none-eabi-7-2017-q4-major-win32/bin/../lib/gcc/arm-none-eabi/7.2.1/../../../../arm-none-eabi/lib/thumb/v7e-m\libc.a(lib_a-mprec.o)
 .rodata._setlocale_r.str1.4
                0x0000564c        0xa c:/ti/ccs1011/ccs/tools/compiler/gcc-arm-none-eabi-7-2017-q4-major-win32/bin/../lib/gcc/arm-none-eabi/7.2.1/../../../../arm-none-eabi/lib/thumb/v7e-m\libc.a(lib_a-locale.o)
                                  0xd (size before relaxing)
 *fill*         0x00005656        0x2 
 .rodata.str1.4
                0x00005658        0x4 c:/ti/ccs1011/ccs/tools/compiler/gcc-arm-none-eabi-7-2017-q4-major-win32/bin/../lib/gcc/arm-none-eabi/7.2.1/../../../../arm-none-eabi/lib/thumb/v7e-m\libc.a(lib_a-locale.o)
                                  0x2 (size before relaxing)
 .rodata._ctype_
                0x0000565c      0x101 c:/ti/ccs1011/ccs/tools/compiler/gcc-arm-none-eabi-7-2017-q4-major-win32/bin/../lib/gcc/arm-none-eabi/7.2.1/../../../../arm-none-eabi/lib/thumb/v7e-m\libc.a(lib_a-ctype_.o)
                0x0000565c                _ctype_

.eh_frame       0x00005760        0x0
 .eh_frame      0x00005760        0x0 c:/ti/ccs1011/ccs/tools/compiler/gcc-arm-none-eabi-7-2017-q4-major-win32/bin/../lib/gcc/arm-none-eabi/7.2.1/thumb/v7e-m/crtbegin.o

.data           0x20000000      0x9b0 load address 0x00005760
                0x00005760                __data_load__ = LOADADDR (.data)
                0x20000000                __data_start__ = .
 *(.data)
 *(.data*)
 .data._impure_ptr
                0x20000000        0x4 c:/ti/ccs1011/ccs/tools/compiler/gcc-arm-none-eabi-7-2017-q4-major-win32/bin/../lib/gcc/arm-none-eabi/7.2.1/../../../../arm-none-eabi/lib/thumb/v7e-m\libc.a(lib_a-impure.o)
                0x20000000                _impure_ptr
 *fill*         0x20000004        0x4 
 .data.impure_data
                0x20000008      0x428 c:/ti/ccs1011/ccs/tools/compiler/gcc-arm-none-eabi-7-2017-q4-major-win32/bin/../lib/gcc/arm-none-eabi/7.2.1/../../../../arm-none-eabi/lib/thumb/v7e-m\libc.a(lib_a-impure.o)
 .data.__atexit_recursive_mutex
                0x20000430        0x4 c:/ti/ccs1011/ccs/tools/compiler/gcc-arm-none-eabi-7-2017-q4-major-win32/bin/../lib/gcc/arm-none-eabi/7.2.1/../../../../arm-none-eabi/lib/thumb/v7e-m\libc.a(lib_a-__call_atexit.o)
                0x20000430                __atexit_recursive_mutex
 .data.__malloc_av_
                0x20000434      0x408 c:/ti/ccs1011/ccs/tools/compiler/gcc-arm-none-eabi-7-2017-q4-major-win32/bin/../lib/gcc/arm-none-eabi/7.2.1/../../../../arm-none-eabi/lib/thumb/v7e-m\libc.a(lib_a-mallocr.o)
                0x20000434                __malloc_av_
 .data.__malloc_sbrk_base
                0x2000083c        0x4 c:/ti/ccs1011/ccs/tools/compiler/gcc-arm-none-eabi-7-2017-q4-major-win32/bin/../lib/gcc/arm-none-eabi/7.2.1/../../../../arm-none-eabi/lib/thumb/v7e-m\libc.a(lib_a-mallocr.o)
                0x2000083c                __malloc_sbrk_base
 .data.__malloc_trim_threshold
                0x20000840        0x4 c:/ti/ccs1011/ccs/tools/compiler/gcc-arm-none-eabi-7-2017-q4-major-win32/bin/../lib/gcc/arm-none-eabi/7.2.1/../../../../arm-none-eabi/lib/thumb/v7e-m\libc.a(lib_a-mallocr.o)
                0x20000840                __malloc_trim_threshold
 .data.__global_locale
                0x20000844      0x16c c:/ti/ccs1011/ccs/tools/compiler/gcc-arm-none-eabi-7-2017-q4-major-win32/bin/../lib/gcc/arm-none-eabi/7.2.1/../../../../arm-none-eabi/lib/thumb/v7e-m\libc.a(lib_a-locale.o)
                0x20000844                __global_locale
                0x200009b0                . = ALIGN (0x4)
                0x200009b0                __data_end__ = .

.igot.plt       0x200009b0        0x0 load address 0x00006110
 .igot.plt      0x200009b0        0x0 c:/ti/ccs1011/ccs/tools/compiler/gcc-arm-none-eabi-7-2017-q4-major-win32/bin/../lib/gcc/arm-none-eabi/7.2.1/thumb/v7e-m/crtbegin.o

.ARM.exidx      0x00006110        0x8
                0x00006110                __exidx_start = .
 *(.ARM.exidx* .gnu.linkonce.armexidx.*)
 .ARM.exidx     0x00006110        0x8 c:/ti/ccs1011/ccs/tools/compiler/gcc-arm-none-eabi-7-2017-q4-major-win32/bin/../lib/gcc/arm-none-eabi/7.2.1/thumb/v7e-m\libgcc.a(_udivmoddi4.o)
                0x00006118                __exidx_end = .

.rel.dyn        0x00006118        0x0
 .rel.iplt      0x00006118        0x0 c:/ti/ccs1011/ccs/tools/compiler/gcc-arm-none-eabi-7-2017-q4-major-win32/bin/../lib/gcc/arm-none-eabi/7.2.1/thumb/v7e-m/crtbegin.o

.ARM.extab
 *(.ARM.extab* .gnu.linkonce.armextab.*)

.bss            0x200009b0      0x2a4
                0x200009b0                __bss_start__ = .
 *(.shbss)
 *(.bss)
 .bss           0x200009b0       0x1c c:/ti/ccs1011/ccs/tools/compiler/gcc-arm-none-eabi-7-2017-q4-major-win32/bin/../lib/gcc/arm-none-eabi/7.2.1/thumb/v7e-m/crtbegin.o
 *(.bss.*)
 .bss.pui32Stack
                0x200009cc      0x200 ./tm4c123gh6pm_startup_ccs_gcc.o
 .bss.__malloc_current_mallinfo
                0x20000bcc       0x28 c:/ti/ccs1011/ccs/tools/compiler/gcc-arm-none-eabi-7-2017-q4-major-win32/bin/../lib/gcc/arm-none-eabi/7.2.1/../../../../arm-none-eabi/lib/thumb/v7e-m\libc.a(lib_a-mallocr.o)
                0x20000bcc                __malloc_current_mallinfo
 .bss.__malloc_max_sbrked_mem
                0x20000bf4        0x4 c:/ti/ccs1011/ccs/tools/compiler/gcc-arm-none-eabi-7-2017-q4-major-win32/bin/../lib/gcc/arm-none-eabi/7.2.1/../../../../arm-none-eabi/lib/thumb/v7e-m\libc.a(lib_a-mallocr.o)
                0x20000bf4                __malloc_max_sbrked_mem
 .bss.__malloc_max_total_mem
                0x20000bf8        0x4 c:/ti/ccs1011/ccs/tools/compiler/gcc-arm-none-eabi-7-2017-q4-major-win32/bin/../lib/gcc/arm-none-eabi/7.2.1/../../../../arm-none-eabi/lib/thumb/v7e-m\libc.a(lib_a-mallocr.o)
                0x20000bf8                __malloc_max_total_mem
 .bss.__malloc_top_pad
                0x20000bfc        0x4 c:/ti/ccs1011/ccs/tools/compiler/gcc-arm-none-eabi-7-2017-q4-major-win32/bin/../lib/gcc/arm-none-eabi/7.2.1/../../../../arm-none-eabi/lib/thumb/v7e-m\libc.a(lib_a-mallocr.o)
                0x20000bfc                __malloc_top_pad
 .bss.heap_end.4102
                0x20000c00        0x4 c:/ti/ccs1011/ccs/tools/compiler/gcc-arm-none-eabi-7-2017-q4-major-win32/bin/../lib/gcc/arm-none-eabi/7.2.1/../../../../arm-none-eabi/lib/thumb/v7e-m\libnosys.a(sbrk.o)
 *(COMMON)
 COMMON         0x20000c04       0x26 ./main.o
                0x20000c04                final
                0x20000c08                KeyReturn2
                0x20000c0c                KeyPressed
                0x20000c10                c
                0x20000c14                KeyReturn1
                0x20000c18                operator1
                0x20000c1c                d
                0x20000c20                KeyReturn3
                0x20000c24                ans
                0x20000c28                operator
                0x20000c29                Operator
 *fill*         0x20000c2a        0x2 
 COMMON         0x20000c2c       0x21 c:/ti/ccs1011/ccs/tools/compiler/gcc-arm-none-eabi-7-2017-q4-major-win32/bin/../lib/gcc/arm-none-eabi/7.2.1/../../../../arm-none-eabi/lib/thumb/v7e-m\libc.a(lib_a-lock.o)
                0x20000c2c                __lock___atexit_recursive_mutex
                0x20000c30                __lock___arc4random_mutex
                0x20000c34                __lock___env_recursive_mutex
                0x20000c38                __lock___sinit_recursive_mutex
                0x20000c3c                __lock___malloc_recursive_mutex
                0x20000c40                __lock___at_quick_exit_mutex
                0x20000c44                __lock___dd_hash_mutex
                0x20000c48                __lock___tz_mutex
                0x20000c4c                __lock___sfp_recursive_mutex
 *fill*         0x20000c4d        0x3 
 COMMON         0x20000c50        0x4 c:/ti/ccs1011/ccs/tools/compiler/gcc-arm-none-eabi-7-2017-q4-major-win32/bin/../lib/gcc/arm-none-eabi/7.2.1/../../../../arm-none-eabi/lib/thumb/v7e-m\libc.a(lib_a-reent.o)
                0x20000c50                errno
                0x20000c54                . = ALIGN (0x4)
                0x20000c54                __bss_end__ = .

.heap           0x20000c54        0x0
                0x20000c54                __heap_start__ = .
                0x20000c54                end = __heap_start__
                0x20000c54                _end = end
                0x20000c54                __end = end
 *(.heap)
                0x20000c54                __heap_end__ = .
                0x20000c54                __HeapLimit = __heap_end__

.stack          0x20000c58        0x0
                0x20000c58                _stack = .
                0x20000c58                __stack = .
 *(.stack)
START GROUP
LOAD c:/ti/ccs1011/ccs/tools/compiler/gcc-arm-none-eabi-7-2017-q4-major-win32/bin/../lib/gcc/arm-none-eabi/7.2.1/../../../../arm-none-eabi/lib/thumb/v7e-m\libc.a
END GROUP
START GROUP
LOAD c:/ti/ccs1011/ccs/tools/compiler/gcc-arm-none-eabi-7-2017-q4-major-win32/bin/../lib/gcc/arm-none-eabi/7.2.1/thumb/v7e-m\libgcc.a
LOAD c:/ti/ccs1011/ccs/tools/compiler/gcc-arm-none-eabi-7-2017-q4-major-win32/bin/../lib/gcc/arm-none-eabi/7.2.1/../../../../arm-none-eabi/lib/thumb/v7e-m\libg.a
LOAD c:/ti/ccs1011/ccs/tools/compiler/gcc-arm-none-eabi-7-2017-q4-major-win32/bin/../lib/gcc/arm-none-eabi/7.2.1/../../../../arm-none-eabi/lib/thumb/v7e-m\libc.a
END GROUP
START GROUP
LOAD c:/ti/ccs1011/ccs/tools/compiler/gcc-arm-none-eabi-7-2017-q4-major-win32/bin/../lib/gcc/arm-none-eabi/7.2.1/thumb/v7e-m\libgcc.a
LOAD c:/ti/ccs1011/ccs/tools/compiler/gcc-arm-none-eabi-7-2017-q4-major-win32/bin/../lib/gcc/arm-none-eabi/7.2.1/../../../../arm-none-eabi/lib/thumb/v7e-m\libc.a
LOAD c:/ti/ccs1011/ccs/tools/compiler/gcc-arm-none-eabi-7-2017-q4-major-win32/bin/../lib/gcc/arm-none-eabi/7.2.1/../../../../arm-none-eabi/lib/thumb/v7e-m\libnosys.a
END GROUP
LOAD c:/ti/ccs1011/ccs/tools/compiler/gcc-arm-none-eabi-7-2017-q4-major-win32/bin/../lib/gcc/arm-none-eabi/7.2.1/thumb/v7e-m/crtend.o
LOAD c:/ti/ccs1011/ccs/tools/compiler/gcc-arm-none-eabi-7-2017-q4-major-win32/bin/../lib/gcc/arm-none-eabi/7.2.1/thumb/v7e-m/crtn.o
OUTPUT(MiniProject2020ToJames.elf elf32-littlearm)

.ARM.attributes
                0x00000000       0x2a
 .ARM.attributes
                0x00000000       0x1e c:/ti/ccs1011/ccs/tools/compiler/gcc-arm-none-eabi-7-2017-q4-major-win32/bin/../lib/gcc/arm-none-eabi/7.2.1/thumb/v7e-m/crti.o
 .ARM.attributes
                0x0000001e       0x2e c:/ti/ccs1011/ccs/tools/compiler/gcc-arm-none-eabi-7-2017-q4-major-win32/bin/../lib/gcc/arm-none-eabi/7.2.1/thumb/v7e-m/crtbegin.o
 .ARM.attributes
                0x0000004c       0x33 ./Keypad.o
 .ARM.attributes
                0x0000007f       0x33 ./LCD.o
 .ARM.attributes
                0x000000b2       0x33 ./PLL.o
 .ARM.attributes
                0x000000e5       0x33 ./main.o
 .ARM.attributes
                0x00000118       0x33 ./tm4c123gh6pm_startup_ccs_gcc.o
 .ARM.attributes
                0x0000014b       0x2e c:/ti/ccs1011/ccs/tools/compiler/gcc-arm-none-eabi-7-2017-q4-major-win32/bin/../lib/gcc/arm-none-eabi/7.2.1/../../../../arm-none-eabi/lib/thumb/v7e-m\libc.a(lib_a-impure.o)
 .ARM.attributes
                0x00000179       0x2e c:/ti/ccs1011/ccs/tools/compiler/gcc-arm-none-eabi-7-2017-q4-major-win32/bin/../lib/gcc/arm-none-eabi/7.2.1/../../../../arm-none-eabi/lib/thumb/v7e-m\libc.a(lib_a-memset.o)
 .ARM.attributes
                0x000001a7       0x2e c:/ti/ccs1011/ccs/tools/compiler/gcc-arm-none-eabi-7-2017-q4-major-win32/bin/../lib/gcc/arm-none-eabi/7.2.1/../../../../arm-none-eabi/lib/thumb/v7e-m\libc.a(lib_a-sprintf.o)
 .ARM.attributes
                0x000001d5       0x2e c:/ti/ccs1011/ccs/tools/compiler/gcc-arm-none-eabi-7-2017-q4-major-win32/bin/../lib/gcc/arm-none-eabi/7.2.1/../../../../arm-none-eabi/lib/thumb/v7e-m\libc.a(lib_a-svfprintf.o)
 .ARM.attributes
                0x00000203       0x2e c:/ti/ccs1011/ccs/tools/compiler/gcc-arm-none-eabi-7-2017-q4-major-win32/bin/../lib/gcc/arm-none-eabi/7.2.1/../../../../arm-none-eabi/lib/thumb/v7e-m\libc.a(lib_a-__call_atexit.o)
 .ARM.attributes
                0x00000231       0x2e c:/ti/ccs1011/ccs/tools/compiler/gcc-arm-none-eabi-7-2017-q4-major-win32/bin/../lib/gcc/arm-none-eabi/7.2.1/../../../../arm-none-eabi/lib/thumb/v7e-m\libc.a(lib_a-atexit.o)
 .ARM.attributes
                0x0000025f       0x2e c:/ti/ccs1011/ccs/tools/compiler/gcc-arm-none-eabi-7-2017-q4-major-win32/bin/../lib/gcc/arm-none-eabi/7.2.1/../../../../arm-none-eabi/lib/thumb/v7e-m\libc.a(lib_a-dtoa.o)
 .ARM.attributes
                0x0000028d       0x2e c:/ti/ccs1011/ccs/tools/compiler/gcc-arm-none-eabi-7-2017-q4-major-win32/bin/../lib/gcc/arm-none-eabi/7.2.1/../../../../arm-none-eabi/lib/thumb/v7e-m\libc.a(lib_a-fini.o)
 .ARM.attributes
                0x000002bb       0x2e c:/ti/ccs1011/ccs/tools/compiler/gcc-arm-none-eabi-7-2017-q4-major-win32/bin/../lib/gcc/arm-none-eabi/7.2.1/../../../../arm-none-eabi/lib/thumb/v7e-m\libc.a(lib_a-localeconv.o)
 .ARM.attributes
                0x000002e9       0x2e c:/ti/ccs1011/ccs/tools/compiler/gcc-arm-none-eabi-7-2017-q4-major-win32/bin/../lib/gcc/arm-none-eabi/7.2.1/../../../../arm-none-eabi/lib/thumb/v7e-m\libc.a(lib_a-lock.o)
 .ARM.attributes
                0x00000317       0x2e c:/ti/ccs1011/ccs/tools/compiler/gcc-arm-none-eabi-7-2017-q4-major-win32/bin/../lib/gcc/arm-none-eabi/7.2.1/../../../../arm-none-eabi/lib/thumb/v7e-m\libc.a(lib_a-mallocr.o)
 .ARM.attributes
                0x00000345       0x1c c:/ti/ccs1011/ccs/tools/compiler/gcc-arm-none-eabi-7-2017-q4-major-win32/bin/../lib/gcc/arm-none-eabi/7.2.1/../../../../arm-none-eabi/lib/thumb/v7e-m\libc.a(lib_a-memchr.o)
 .ARM.attributes
                0x00000361       0x1c c:/ti/ccs1011/ccs/tools/compiler/gcc-arm-none-eabi-7-2017-q4-major-win32/bin/../lib/gcc/arm-none-eabi/7.2.1/../../../../arm-none-eabi/lib/thumb/v7e-m\libc.a(lib_a-memcpy.o)
 .ARM.attributes
                0x0000037d       0x2e c:/ti/ccs1011/ccs/tools/compiler/gcc-arm-none-eabi-7-2017-q4-major-win32/bin/../lib/gcc/arm-none-eabi/7.2.1/../../../../arm-none-eabi/lib/thumb/v7e-m\libc.a(lib_a-mlock.o)
 .ARM.attributes
                0x000003ab       0x2e c:/ti/ccs1011/ccs/tools/compiler/gcc-arm-none-eabi-7-2017-q4-major-win32/bin/../lib/gcc/arm-none-eabi/7.2.1/../../../../arm-none-eabi/lib/thumb/v7e-m\libc.a(lib_a-mprec.o)
 .ARM.attributes
                0x000003d9       0x2e c:/ti/ccs1011/ccs/tools/compiler/gcc-arm-none-eabi-7-2017-q4-major-win32/bin/../lib/gcc/arm-none-eabi/7.2.1/../../../../arm-none-eabi/lib/thumb/v7e-m\libc.a(lib_a-sbrkr.o)
 .ARM.attributes
                0x00000407       0x1c c:/ti/ccs1011/ccs/tools/compiler/gcc-arm-none-eabi-7-2017-q4-major-win32/bin/../lib/gcc/arm-none-eabi/7.2.1/../../../../arm-none-eabi/lib/thumb/v7e-m\libc.a(lib_a-strlen.o)
 .ARM.attributes
                0x00000423       0x2e c:/ti/ccs1011/ccs/tools/compiler/gcc-arm-none-eabi-7-2017-q4-major-win32/bin/../lib/gcc/arm-none-eabi/7.2.1/../../../../arm-none-eabi/lib/thumb/v7e-m\libc.a(lib_a-svfiprintf.o)
 .ARM.attributes
                0x00000451       0x2e c:/ti/ccs1011/ccs/tools/compiler/gcc-arm-none-eabi-7-2017-q4-major-win32/bin/../lib/gcc/arm-none-eabi/7.2.1/../../../../arm-none-eabi/lib/thumb/v7e-m\libc.a(lib_a-__atexit.o)
 .ARM.attributes
                0x0000047f       0x2e c:/ti/ccs1011/ccs/tools/compiler/gcc-arm-none-eabi-7-2017-q4-major-win32/bin/../lib/gcc/arm-none-eabi/7.2.1/../../../../arm-none-eabi/lib/thumb/v7e-m\libc.a(lib_a-callocr.o)
 .ARM.attributes
                0x000004ad       0x2e c:/ti/ccs1011/ccs/tools/compiler/gcc-arm-none-eabi-7-2017-q4-major-win32/bin/../lib/gcc/arm-none-eabi/7.2.1/../../../../arm-none-eabi/lib/thumb/v7e-m\libc.a(lib_a-freer.o)
 .ARM.attributes
                0x000004db       0x2e c:/ti/ccs1011/ccs/tools/compiler/gcc-arm-none-eabi-7-2017-q4-major-win32/bin/../lib/gcc/arm-none-eabi/7.2.1/../../../../arm-none-eabi/lib/thumb/v7e-m\libc.a(lib_a-locale.o)
 .ARM.attributes
                0x00000509       0x2e c:/ti/ccs1011/ccs/tools/compiler/gcc-arm-none-eabi-7-2017-q4-major-win32/bin/../lib/gcc/arm-none-eabi/7.2.1/../../../../arm-none-eabi/lib/thumb/v7e-m\libc.a(lib_a-mbtowc_r.o)
 .ARM.attributes
                0x00000537       0x2e c:/ti/ccs1011/ccs/tools/compiler/gcc-arm-none-eabi-7-2017-q4-major-win32/bin/../lib/gcc/arm-none-eabi/7.2.1/../../../../arm-none-eabi/lib/thumb/v7e-m\libc.a(lib_a-memmove.o)
 .ARM.attributes
                0x00000565       0x2e c:/ti/ccs1011/ccs/tools/compiler/gcc-arm-none-eabi-7-2017-q4-major-win32/bin/../lib/gcc/arm-none-eabi/7.2.1/../../../../arm-none-eabi/lib/thumb/v7e-m\libc.a(lib_a-reallocr.o)
 .ARM.attributes
                0x00000593       0x2e c:/ti/ccs1011/ccs/tools/compiler/gcc-arm-none-eabi-7-2017-q4-major-win32/bin/../lib/gcc/arm-none-eabi/7.2.1/../../../../arm-none-eabi/lib/thumb/v7e-m\libc.a(lib_a-reent.o)
 .ARM.attributes
                0x000005c1       0x2e c:/ti/ccs1011/ccs/tools/compiler/gcc-arm-none-eabi-7-2017-q4-major-win32/bin/../lib/gcc/arm-none-eabi/7.2.1/../../../../arm-none-eabi/lib/thumb/v7e-m\libc.a(lib_a-wctomb_r.o)
 .ARM.attributes
                0x000005ef       0x2e c:/ti/ccs1011/ccs/tools/compiler/gcc-arm-none-eabi-7-2017-q4-major-win32/bin/../lib/gcc/arm-none-eabi/7.2.1/../../../../arm-none-eabi/lib/thumb/v7e-m\libc.a(lib_a-ctype_.o)
 .ARM.attributes
                0x0000061d       0x1e c:/ti/ccs1011/ccs/tools/compiler/gcc-arm-none-eabi-7-2017-q4-major-win32/bin/../lib/gcc/arm-none-eabi/7.2.1/thumb/v7e-m\libgcc.a(_arm_addsubdf3.o)
 .ARM.attributes
                0x0000063b       0x1e c:/ti/ccs1011/ccs/tools/compiler/gcc-arm-none-eabi-7-2017-q4-major-win32/bin/../lib/gcc/arm-none-eabi/7.2.1/thumb/v7e-m\libgcc.a(_arm_muldivdf3.o)
 .ARM.attributes
                0x00000659       0x1e c:/ti/ccs1011/ccs/tools/compiler/gcc-arm-none-eabi-7-2017-q4-major-win32/bin/../lib/gcc/arm-none-eabi/7.2.1/thumb/v7e-m\libgcc.a(_arm_cmpdf2.o)
 .ARM.attributes
                0x00000677       0x1e c:/ti/ccs1011/ccs/tools/compiler/gcc-arm-none-eabi-7-2017-q4-major-win32/bin/../lib/gcc/arm-none-eabi/7.2.1/thumb/v7e-m\libgcc.a(_arm_unorddf2.o)
 .ARM.attributes
                0x00000695       0x1e c:/ti/ccs1011/ccs/tools/compiler/gcc-arm-none-eabi-7-2017-q4-major-win32/bin/../lib/gcc/arm-none-eabi/7.2.1/thumb/v7e-m\libgcc.a(_arm_fixdfsi.o)
 .ARM.attributes
                0x000006b3       0x1e c:/ti/ccs1011/ccs/tools/compiler/gcc-arm-none-eabi-7-2017-q4-major-win32/bin/../lib/gcc/arm-none-eabi/7.2.1/thumb/v7e-m\libgcc.a(_aeabi_uldivmod.o)
 .ARM.attributes
                0x000006d1       0x2e c:/ti/ccs1011/ccs/tools/compiler/gcc-arm-none-eabi-7-2017-q4-major-win32/bin/../lib/gcc/arm-none-eabi/7.2.1/thumb/v7e-m\libgcc.a(_udivmoddi4.o)
 .ARM.attributes
                0x000006ff       0x1e c:/ti/ccs1011/ccs/tools/compiler/gcc-arm-none-eabi-7-2017-q4-major-win32/bin/../lib/gcc/arm-none-eabi/7.2.1/thumb/v7e-m\libgcc.a(_dvmd_tls.o)
 .ARM.attributes
                0x0000071d       0x2e c:/ti/ccs1011/ccs/tools/compiler/gcc-arm-none-eabi-7-2017-q4-major-win32/bin/../lib/gcc/arm-none-eabi/7.2.1/../../../../arm-none-eabi/lib/thumb/v7e-m\libnosys.a(sbrk.o)

.comment        0x00000000       0x7e
 .comment       0x00000000       0x7e ./Keypad.o
                                 0x7f (size before relaxing)
 .comment       0x0000007e       0x7f ./LCD.o
 .comment       0x0000007e       0x7f ./PLL.o
 .comment       0x0000007e       0x7f ./main.o
 .comment       0x0000007e       0x7f ./tm4c123gh6pm_startup_ccs_gcc.o

.debug_info     0x00000000      0xe61
 .debug_info    0x00000000       0x9e ./Keypad.o
 .debug_info    0x0000009e      0x132 ./LCD.o
 .debug_info    0x000001d0       0x7a ./PLL.o
 .debug_info    0x0000024a      0xa8a ./main.o
 .debug_info    0x00000cd4      0x18d ./tm4c123gh6pm_startup_ccs_gcc.o

.debug_abbrev   0x00000000      0x446
 .debug_abbrev  0x00000000       0x5c ./Keypad.o
 .debug_abbrev  0x0000005c       0x90 ./LCD.o
 .debug_abbrev  0x000000ec       0x5a ./PLL.o
 .debug_abbrev  0x00000146      0x236 ./main.o
 .debug_abbrev  0x0000037c       0xca ./tm4c123gh6pm_startup_ccs_gcc.o

.debug_aranges  0x00000000      0x170
 .debug_aranges
                0x00000000       0x48 ./Keypad.o
 .debug_aranges
                0x00000048       0x58 ./LCD.o
 .debug_aranges
                0x000000a0       0x30 ./PLL.o
 .debug_aranges
                0x000000d0       0x68 ./main.o
 .debug_aranges
                0x00000138       0x38 ./tm4c123gh6pm_startup_ccs_gcc.o

.debug_ranges   0x00000000      0x120
 .debug_ranges  0x00000000       0x38 ./Keypad.o
 .debug_ranges  0x00000038       0x48 ./LCD.o
 .debug_ranges  0x00000080       0x20 ./PLL.o
 .debug_ranges  0x000000a0       0x58 ./main.o
 .debug_ranges  0x000000f8       0x28 ./tm4c123gh6pm_startup_ccs_gcc.o

.debug_line     0x00000000      0x62a
 .debug_line    0x00000000       0xf1 ./Keypad.o
 .debug_line    0x000000f1       0xe5 ./LCD.o
 .debug_line    0x000001d6       0x6d ./PLL.o
 .debug_line    0x00000243      0x26e ./main.o
 .debug_line    0x000004b1      0x179 ./tm4c123gh6pm_startup_ccs_gcc.o

.debug_str      0x00000000      0x776
 .debug_str     0x00000000      0x164 ./Keypad.o
                                0x169 (size before relaxing)
 .debug_str     0x00000164       0x6a ./LCD.o
                                0x18e (size before relaxing)
 .debug_str     0x000001ce       0x32 ./PLL.o
                                0x163 (size before relaxing)
 .debug_str     0x00000200      0x4b0 ./main.o
                                0x635 (size before relaxing)
 .debug_str     0x000006b0       0xc6 ./tm4c123gh6pm_startup_ccs_gcc.o
                                0x272 (size before relaxing)

.debug_frame    0x00000000      0xee8
 .debug_frame   0x00000000       0x78 ./Keypad.o
 .debug_frame   0x00000078       0xd4 ./LCD.o
 .debug_frame   0x0000014c       0x40 ./PLL.o
 .debug_frame   0x0000018c      0x104 ./main.o
 .debug_frame   0x00000290       0x58 ./tm4c123gh6pm_startup_ccs_gcc.o
 .debug_frame   0x000002e8       0x38 c:/ti/ccs1011/ccs/tools/compiler/gcc-arm-none-eabi-7-2017-q4-major-win32/bin/../lib/gcc/arm-none-eabi/7.2.1/../../../../arm-none-eabi/lib/thumb/v7e-m\libc.a(lib_a-memset.o)
 .debug_frame   0x00000320       0x80 c:/ti/ccs1011/ccs/tools/compiler/gcc-arm-none-eabi-7-2017-q4-major-win32/bin/../lib/gcc/arm-none-eabi/7.2.1/../../../../arm-none-eabi/lib/thumb/v7e-m\libc.a(lib_a-sprintf.o)
 .debug_frame   0x000003a0       0x40 c:/ti/ccs1011/ccs/tools/compiler/gcc-arm-none-eabi-7-2017-q4-major-win32/bin/../lib/gcc/arm-none-eabi/7.2.1/../../../../arm-none-eabi/lib/thumb/v7e-m\libc.a(lib_a-svfprintf.o)
 .debug_frame   0x000003e0       0x5c c:/ti/ccs1011/ccs/tools/compiler/gcc-arm-none-eabi-7-2017-q4-major-win32/bin/../lib/gcc/arm-none-eabi/7.2.1/../../../../arm-none-eabi/lib/thumb/v7e-m\libc.a(lib_a-__call_atexit.o)
 .debug_frame   0x0000043c       0x20 c:/ti/ccs1011/ccs/tools/compiler/gcc-arm-none-eabi-7-2017-q4-major-win32/bin/../lib/gcc/arm-none-eabi/7.2.1/../../../../arm-none-eabi/lib/thumb/v7e-m\libc.a(lib_a-atexit.o)
 .debug_frame   0x0000045c       0x90 c:/ti/ccs1011/ccs/tools/compiler/gcc-arm-none-eabi-7-2017-q4-major-win32/bin/../lib/gcc/arm-none-eabi/7.2.1/../../../../arm-none-eabi/lib/thumb/v7e-m\libc.a(lib_a-dtoa.o)
 .debug_frame   0x000004ec       0x34 c:/ti/ccs1011/ccs/tools/compiler/gcc-arm-none-eabi-7-2017-q4-major-win32/bin/../lib/gcc/arm-none-eabi/7.2.1/../../../../arm-none-eabi/lib/thumb/v7e-m\libc.a(lib_a-fini.o)
 .debug_frame   0x00000520       0x40 c:/ti/ccs1011/ccs/tools/compiler/gcc-arm-none-eabi-7-2017-q4-major-win32/bin/../lib/gcc/arm-none-eabi/7.2.1/../../../../arm-none-eabi/lib/thumb/v7e-m\libc.a(lib_a-localeconv.o)
 .debug_frame   0x00000560       0xb0 c:/ti/ccs1011/ccs/tools/compiler/gcc-arm-none-eabi-7-2017-q4-major-win32/bin/../lib/gcc/arm-none-eabi/7.2.1/../../../../arm-none-eabi/lib/thumb/v7e-m\libc.a(lib_a-lock.o)
 .debug_frame   0x00000610       0x54 c:/ti/ccs1011/ccs/tools/compiler/gcc-arm-none-eabi-7-2017-q4-major-win32/bin/../lib/gcc/arm-none-eabi/7.2.1/../../../../arm-none-eabi/lib/thumb/v7e-m\libc.a(lib_a-mallocr.o)
 .debug_frame   0x00000664       0x30 c:/ti/ccs1011/ccs/tools/compiler/gcc-arm-none-eabi-7-2017-q4-major-win32/bin/../lib/gcc/arm-none-eabi/7.2.1/../../../../arm-none-eabi/lib/thumb/v7e-m\libc.a(lib_a-mlock.o)
 .debug_frame   0x00000694      0x25c c:/ti/ccs1011/ccs/tools/compiler/gcc-arm-none-eabi-7-2017-q4-major-win32/bin/../lib/gcc/arm-none-eabi/7.2.1/../../../../arm-none-eabi/lib/thumb/v7e-m\libc.a(lib_a-mprec.o)
 .debug_frame   0x000008f0       0x2c c:/ti/ccs1011/ccs/tools/compiler/gcc-arm-none-eabi-7-2017-q4-major-win32/bin/../lib/gcc/arm-none-eabi/7.2.1/../../../../arm-none-eabi/lib/thumb/v7e-m\libc.a(lib_a-sbrkr.o)
 .debug_frame   0x0000091c       0x78 c:/ti/ccs1011/ccs/tools/compiler/gcc-arm-none-eabi-7-2017-q4-major-win32/bin/../lib/gcc/arm-none-eabi/7.2.1/../../../../arm-none-eabi/lib/thumb/v7e-m\libc.a(lib_a-svfiprintf.o)
 .debug_frame   0x00000994       0x34 c:/ti/ccs1011/ccs/tools/compiler/gcc-arm-none-eabi-7-2017-q4-major-win32/bin/../lib/gcc/arm-none-eabi/7.2.1/../../../../arm-none-eabi/lib/thumb/v7e-m\libc.a(lib_a-__atexit.o)
 .debug_frame   0x000009c8       0x28 c:/ti/ccs1011/ccs/tools/compiler/gcc-arm-none-eabi-7-2017-q4-major-win32/bin/../lib/gcc/arm-none-eabi/7.2.1/../../../../arm-none-eabi/lib/thumb/v7e-m\libc.a(lib_a-callocr.o)
 .debug_frame   0x000009f0       0x80 c:/ti/ccs1011/ccs/tools/compiler/gcc-arm-none-eabi-7-2017-q4-major-win32/bin/../lib/gcc/arm-none-eabi/7.2.1/../../../../arm-none-eabi/lib/thumb/v7e-m\libc.a(lib_a-freer.o)
 .debug_frame   0x00000a70       0x6c c:/ti/ccs1011/ccs/tools/compiler/gcc-arm-none-eabi-7-2017-q4-major-win32/bin/../lib/gcc/arm-none-eabi/7.2.1/../../../../arm-none-eabi/lib/thumb/v7e-m\libc.a(lib_a-locale.o)
 .debug_frame   0x00000adc       0x4c c:/ti/ccs1011/ccs/tools/compiler/gcc-arm-none-eabi-7-2017-q4-major-win32/bin/../lib/gcc/arm-none-eabi/7.2.1/../../../../arm-none-eabi/lib/thumb/v7e-m\libc.a(lib_a-mbtowc_r.o)
 .debug_frame   0x00000b28       0x40 c:/ti/ccs1011/ccs/tools/compiler/gcc-arm-none-eabi-7-2017-q4-major-win32/bin/../lib/gcc/arm-none-eabi/7.2.1/../../../../arm-none-eabi/lib/thumb/v7e-m\libc.a(lib_a-memmove.o)
 .debug_frame   0x00000b68       0x58 c:/ti/ccs1011/ccs/tools/compiler/gcc-arm-none-eabi-7-2017-q4-major-win32/bin/../lib/gcc/arm-none-eabi/7.2.1/../../../../arm-none-eabi/lib/thumb/v7e-m\libc.a(lib_a-reallocr.o)
 .debug_frame   0x00000bc0       0x68 c:/ti/ccs1011/ccs/tools/compiler/gcc-arm-none-eabi-7-2017-q4-major-win32/bin/../lib/gcc/arm-none-eabi/7.2.1/../../../../arm-none-eabi/lib/thumb/v7e-m\libc.a(lib_a-reent.o)
 .debug_frame   0x00000c28       0x3c c:/ti/ccs1011/ccs/tools/compiler/gcc-arm-none-eabi-7-2017-q4-major-win32/bin/../lib/gcc/arm-none-eabi/7.2.1/../../../../arm-none-eabi/lib/thumb/v7e-m\libc.a(lib_a-wctomb_r.o)
 .debug_frame   0x00000c64       0xac c:/ti/ccs1011/ccs/tools/compiler/gcc-arm-none-eabi-7-2017-q4-major-win32/bin/../lib/gcc/arm-none-eabi/7.2.1/thumb/v7e-m\libgcc.a(_arm_addsubdf3.o)
 .debug_frame   0x00000d10       0x50 c:/ti/ccs1011/ccs/tools/compiler/gcc-arm-none-eabi-7-2017-q4-major-win32/bin/../lib/gcc/arm-none-eabi/7.2.1/thumb/v7e-m\libgcc.a(_arm_muldivdf3.o)
 .debug_frame   0x00000d60       0xc4 c:/ti/ccs1011/ccs/tools/compiler/gcc-arm-none-eabi-7-2017-q4-major-win32/bin/../lib/gcc/arm-none-eabi/7.2.1/thumb/v7e-m\libgcc.a(_arm_cmpdf2.o)
 .debug_frame   0x00000e24       0x20 c:/ti/ccs1011/ccs/tools/compiler/gcc-arm-none-eabi-7-2017-q4-major-win32/bin/../lib/gcc/arm-none-eabi/7.2.1/thumb/v7e-m\libgcc.a(_arm_unorddf2.o)
 .debug_frame   0x00000e44       0x24 c:/ti/ccs1011/ccs/tools/compiler/gcc-arm-none-eabi-7-2017-q4-major-win32/bin/../lib/gcc/arm-none-eabi/7.2.1/thumb/v7e-m\libgcc.a(_arm_fixdfsi.o)
 .debug_frame   0x00000e68       0x2c c:/ti/ccs1011/ccs/tools/compiler/gcc-arm-none-eabi-7-2017-q4-major-win32/bin/../lib/gcc/arm-none-eabi/7.2.1/thumb/v7e-m\libgcc.a(_aeabi_uldivmod.o)
 .debug_frame   0x00000e94       0x34 c:/ti/ccs1011/ccs/tools/compiler/gcc-arm-none-eabi-7-2017-q4-major-win32/bin/../lib/gcc/arm-none-eabi/7.2.1/thumb/v7e-m\libgcc.a(_udivmoddi4.o)
 .debug_frame   0x00000ec8       0x20 c:/ti/ccs1011/ccs/tools/compiler/gcc-arm-none-eabi-7-2017-q4-major-win32/bin/../lib/gcc/arm-none-eabi/7.2.1/../../../../arm-none-eabi/lib/thumb/v7e-m\libnosys.a(sbrk.o)

.debug_loc      0x00000000      0x119
 .debug_loc     0x00000000       0x6a ./LCD.o
 .debug_loc     0x0000006a       0x13 ./PLL.o
 .debug_loc     0x0000007d       0x76 ./main.o
 .debug_loc     0x000000f3       0x26 ./tm4c123gh6pm_startup_ccs_gcc.o
